
bash-3.00# vxdg -g ora9idb001dg rmdisk pri0001_ora9idb001_dm
VxVM vxdg ERROR V-5-1-0 Disk pri0001_ora9idb001_dm is used by one or more subdisks which are pending to be reclaimed.
        Use "vxdisk reclaim emc1_10d0" to reclaim space used by these subdisks,
        and retry "vxdg rmdisk" command.
        Note: reclamation is irreversible.


bash-3.00# vxdisk reclaim pri0001_ora9idb001_dm
VxVM vxdisk ERROR V-5-1-16067  'pri0001_ora9idb001_dm' does not exist.

bash-3.00# vxdg list
ora9idb001dg

bash-3.00# vxdisk reclaim ora9idb001dg

Disk emc1_10d1 : Reclaimed freed subdisks.
Disk emc1_10d8 : Reclaimed freed subdisks.
Disk emc1_10d6 : Reclaimed freed subdisks.
Disk emc1_10d2 : Reclaimed freed subdisks.
Disk emc1_10d3 : Reclaimed freed subdisks.
Disk emc1_10d4 : Reclaimed freed subdisks.
Disk emc1_10d5 : Reclaimed freed subdisks.
Disk emc1_10d0 : Reclaimed freed subdisks.
Disk emc1_10d7 : Reclaimed freed subdisks.
Disk emc1_10d9 : Reclaimed freed subdisks.

bash-3.00# vxdg -g ora9idb001dg rm disk pri0001_ora9idb001_dm
